true
Marco
0
Ivan
0
FRBRB

LUBR
RULB

UYRY
.
YY
...
....
.....

byrullbyruulbyrrulbyyrulb
.
UU
...
....
.....

byrullbyruulbyrrulbyyrulb

YULLBLBYBYRRBURLURLRYUYYYRBYBULRUBBRRYRULLRUBYYBUYLUBLRBRBLBRYURUBLYLLUYUBYLLULL
