false
ivan
5
test
2
F
RRLR
BRBU
BRLL
BULR
ULBL
.
..
...
.UUU
...RR

ByrulLbyruulByrrulbyyrulb
.
..
...
.YYY
.....

byruLlbyRuulbyRrulbyyrulb
RRR
UULRYBYBUULURBLYLRLUUYLYUYUBLRLRRBUYBBUBBUURLBBLYLUYYYYYYYYYLBB
