true
ivan
24
test
2
F
UULR
YBYB
UULU
RBLY
LRLU
.
..
...
....
.....

ByrUlLByruuLByrrUlbyyRulb
.
..
...
.YYY
....U

byRuLlByRuuLbyRrulbyyrulb
RRRBLLRRB
UYLYUYUBLRLRRBUYBBUBBUURLBBLYLUYYYYYYYYYLBBRRRBLLUUUR
