true
Marco
0
Ivan
0
F
YYRB
LUBR
RULB
RBUU
UYRY
.
..
...
....
.....

byrullbyruulbyrrulbyyrulb
.
..
...
....
.....

byrullbyruulbyrrulbyyrulb

YULLBLBYBYRRBURLURLRYUYYYRBYBULRUBBRRYRULLRUBYYBUYLUBLRBRBLBRYURUBLYLLUYUBYLLULL
