true
ivan
5
test
2
FL

BRBU
BRLL
BULR
ULBL
.
..
...
.UUU
...RR

ByrulLbyruulByrrulbyyrulb
R
..
...
.YYY
.....
RR
byruLlbyRuulbyRrulbyyrulb
RRR
UULRYBYBUULURBLYLRLUUYLYUYUBLRLRRBUYBBUBBUURLBBLYLUYYYYYYYYYLBB
