true
test
0
test2
0
FRY


LRLY
URRY
BUUL
.
..
BBB
....
.....

byrullbyruulbyrrulbyyrulb
.
..
RRR
....
.....

byrullbyruulbyrrulbyyrulb

RRLRBRBUBRLLBULRULBLUULRYBYBUULURBLYLRLUUYLYUYUBLRLRRBUYBBUBBUURLBBLYLUYYYYYYYYY
