true
Marco
0
Ivan
0
R
YYRB
LUBR
RULB
RBUU

.
YY
...
....
.....

byrullbyruulbyrrulbyyrulb
U
..
...
....
.....
F
byrullbyruulbyrrulbyyrulb

YULLBLBYBYRRBURLURLRYUYYYRBYBULRUBBRRYRULLRUBYYBUYLUBLRBRBLBRYURUBLYLLUYUBYLLULL
